// Jest Snapshot v1, https://goo.gl/fbAQLP

exports[`Item component renders item data 1`] = `
<div>
  <ul>
    <li>
      title
      : 
      One
    </li>
    <li>
      year
      : 
      1926
    </li>
  </ul>
</div>
`;
